Archive member included because of file (symbol)

/usr/lib/gcc/avr/4.5.3/avr5/libgcc.a(_udivmodhi4.o)
                              ./main.o (__udivmodhi4)
/usr/lib/gcc/avr/4.5.3/avr5/libgcc.a(_divmodsi4.o)
                              ./main.o (__divmodsi4)
/usr/lib/gcc/avr/4.5.3/avr5/libgcc.a(_exit.o)
                              /usr/lib/gcc/avr/4.5.3/../../../avr/lib/avr5/crtm16.o (exit)
/usr/lib/gcc/avr/4.5.3/avr5/libgcc.a(_copy_data.o)
                              ./main.o (__do_copy_data)
/usr/lib/gcc/avr/4.5.3/avr5/libgcc.a(_clear_bss.o)
                              ./main.o (__do_clear_bss)
/usr/lib/gcc/avr/4.5.3/avr5/libgcc.a(_fixunssfsi.o)
                              ./main.o (__fixunssfsi)
/usr/lib/gcc/avr/4.5.3/avr5/libgcc.a(_addsub_sf.o)
                              /usr/lib/gcc/avr/4.5.3/avr5/libgcc.a(_fixunssfsi.o) (__subsf3)
/usr/lib/gcc/avr/4.5.3/avr5/libgcc.a(_mul_sf.o)
                              ./main.o (__mulsf3)
/usr/lib/gcc/avr/4.5.3/avr5/libgcc.a(_gt_sf.o)
                              ./main.o (__gtsf2)
/usr/lib/gcc/avr/4.5.3/avr5/libgcc.a(_ge_sf.o)
                              /usr/lib/gcc/avr/4.5.3/avr5/libgcc.a(_fixunssfsi.o) (__gesf2)
/usr/lib/gcc/avr/4.5.3/avr5/libgcc.a(_lt_sf.o)
                              ./main.o (__ltsf2)
/usr/lib/gcc/avr/4.5.3/avr5/libgcc.a(_sf_to_si.o)
                              /usr/lib/gcc/avr/4.5.3/avr5/libgcc.a(_fixunssfsi.o) (__fixsfsi)
/usr/lib/gcc/avr/4.5.3/avr5/libgcc.a(_thenan_sf.o)
                              /usr/lib/gcc/avr/4.5.3/avr5/libgcc.a(_addsub_sf.o) (__thenan_sf)
/usr/lib/gcc/avr/4.5.3/avr5/libgcc.a(_usi_to_sf.o)
                              ./main.o (__floatunsisf)
/usr/lib/gcc/avr/4.5.3/avr5/libgcc.a(_udivmodsi4.o)
                              /usr/lib/gcc/avr/4.5.3/avr5/libgcc.a(_divmodsi4.o) (__udivmodsi4)
/usr/lib/gcc/avr/4.5.3/avr5/libgcc.a(_prologue.o)
                              /usr/lib/gcc/avr/4.5.3/avr5/libgcc.a(_addsub_sf.o) (__prologue_saves__)
/usr/lib/gcc/avr/4.5.3/avr5/libgcc.a(_epilogue.o)
                              /usr/lib/gcc/avr/4.5.3/avr5/libgcc.a(_addsub_sf.o) (__epilogue_restores__)
/usr/lib/gcc/avr/4.5.3/avr5/libgcc.a(_clzsi2.o)
                              /usr/lib/gcc/avr/4.5.3/avr5/libgcc.a(_usi_to_sf.o) (__clzsi2)
/usr/lib/gcc/avr/4.5.3/avr5/libgcc.a(_pack_sf.o)
                              /usr/lib/gcc/avr/4.5.3/avr5/libgcc.a(_addsub_sf.o) (__pack_f)
/usr/lib/gcc/avr/4.5.3/avr5/libgcc.a(_unpack_sf.o)
                              /usr/lib/gcc/avr/4.5.3/avr5/libgcc.a(_addsub_sf.o) (__unpack_f)
/usr/lib/gcc/avr/4.5.3/avr5/libgcc.a(_fpcmp_parts_sf.o)
                              /usr/lib/gcc/avr/4.5.3/avr5/libgcc.a(_gt_sf.o) (__fpcmp_parts_f)
/usr/lib/gcc/avr/4.5.3/avr5/libgcc.a(_clz.o)
                              /usr/lib/gcc/avr/4.5.3/avr5/libgcc.a(_clzsi2.o) (__clz_tab)

Allocating common symbols
Common symbol       size              file

buff                0x8               ./main.o
buf                 0xa               ./main.o
process_it          0x2               ./main.o

Memory Configuration

Name             Origin             Length             Attributes
text             0x00000000         0x00020000         xr
data             0x00800060         0x0000ffa0         rw !x
eeprom           0x00810000         0x00010000         rw !x
fuse             0x00820000         0x00000400         rw !x
lock             0x00830000         0x00000400         rw !x
signature        0x00840000         0x00000400         rw !x
*default*        0x00000000         0xffffffff

Linker script and memory map

LOAD /usr/lib/gcc/avr/4.5.3/../../../avr/lib/avr5/crtm16.o
LOAD ./main.o
LOAD /usr/lib/gcc/avr/4.5.3/avr5/libgcc.a
LOAD /usr/lib/gcc/avr/4.5.3/../../../avr/lib/avr5/libc.a
LOAD /usr/lib/gcc/avr/4.5.3/avr5/libgcc.a

.hash
 *(.hash)

.dynsym
 *(.dynsym)

.dynstr
 *(.dynstr)

.gnu.version
 *(.gnu.version)

.gnu.version_d
 *(.gnu.version_d)

.gnu.version_r
 *(.gnu.version_r)

.rel.init
 *(.rel.init)

.rela.init
 *(.rela.init)

.rel.text
 *(.rel.text)
 *(.rel.text.*)
 *(.rel.gnu.linkonce.t*)

.rela.text
 *(.rela.text)
 *(.rela.text.*)
 *(.rela.gnu.linkonce.t*)

.rel.fini
 *(.rel.fini)

.rela.fini
 *(.rela.fini)

.rel.rodata
 *(.rel.rodata)
 *(.rel.rodata.*)
 *(.rel.gnu.linkonce.r*)

.rela.rodata
 *(.rela.rodata)
 *(.rela.rodata.*)
 *(.rela.gnu.linkonce.r*)

.rel.data
 *(.rel.data)
 *(.rel.data.*)
 *(.rel.gnu.linkonce.d*)

.rela.data
 *(.rela.data)
 *(.rela.data.*)
 *(.rela.gnu.linkonce.d*)

.rel.ctors
 *(.rel.ctors)

.rela.ctors
 *(.rela.ctors)

.rel.dtors
 *(.rel.dtors)

.rela.dtors
 *(.rela.dtors)

.rel.got
 *(.rel.got)

.rela.got
 *(.rela.got)

.rel.bss
 *(.rel.bss)

.rela.bss
 *(.rela.bss)

.rel.plt
 *(.rel.plt)

.rela.plt
 *(.rela.plt)

.text           0x00000000     0x1b4c
 *(.vectors)
 .vectors       0x00000000       0x54 /usr/lib/gcc/avr/4.5.3/../../../avr/lib/avr5/crtm16.o
                0x00000000                __vectors
                0x00000000                __vector_default
 *(.vectors)
 *(.progmem.gcc*)
 *(.progmem*)
                0x00000054                . = ALIGN (0x2)
                0x00000054                __trampolines_start = .
 *(.trampolines)
 .trampolines   0x00000054        0x0 linker stubs
 *(.trampolines*)
                0x00000054                __trampolines_end = .
 *(.jumptables)
 *(.jumptables*)
 *(.lowtext)
 *(.lowtext*)
                0x00000054                __ctors_start = .
 *(.ctors)
                0x00000054                __ctors_end = .
                0x00000054                __dtors_start = .
 *(.dtors)
                0x00000054                __dtors_end = .
 SORT(*)(.ctors)
 SORT(*)(.dtors)
 *(.init0)
 .init0         0x00000054        0x0 /usr/lib/gcc/avr/4.5.3/../../../avr/lib/avr5/crtm16.o
                0x00000054                __init
 *(.init0)
 *(.init1)
 *(.init1)
 *(.init2)
 .init2         0x00000054        0xc /usr/lib/gcc/avr/4.5.3/../../../avr/lib/avr5/crtm16.o
 *(.init2)
 *(.init3)
 *(.init3)
 *(.init4)
 .init4         0x00000060       0x16 /usr/lib/gcc/avr/4.5.3/avr5/libgcc.a(_copy_data.o)
                0x00000060                __do_copy_data
 .init4         0x00000076       0x10 /usr/lib/gcc/avr/4.5.3/avr5/libgcc.a(_clear_bss.o)
                0x00000076                __do_clear_bss
 *(.init4)
 *(.init5)
 *(.init5)
 *(.init6)
 *(.init6)
 *(.init7)
 *(.init7)
 *(.init8)
 *(.init8)
 *(.init9)
 .init9         0x00000086        0x8 /usr/lib/gcc/avr/4.5.3/../../../avr/lib/avr5/crtm16.o
 *(.init9)
 *(.text)
 .text          0x0000008e        0x4 /usr/lib/gcc/avr/4.5.3/../../../avr/lib/avr5/crtm16.o
                0x0000008e                __vector_12
                0x0000008e                __bad_interrupt
                0x0000008e                __vector_6
                0x0000008e                __vector_11
                0x0000008e                __vector_13
                0x0000008e                __vector_17
                0x0000008e                __vector_19
                0x0000008e                __vector_7
                0x0000008e                __vector_5
                0x0000008e                __vector_9
                0x0000008e                __vector_15
                0x0000008e                __vector_8
                0x0000008e                __vector_14
                0x0000008e                __vector_10
                0x0000008e                __vector_16
                0x0000008e                __vector_18
                0x0000008e                __vector_20
 .text          0x00000092        0x0 ./main.o
 .text          0x00000092        0x0 /usr/lib/gcc/avr/4.5.3/avr5/libgcc.a(_udivmodhi4.o)
 .text          0x00000092        0x0 /usr/lib/gcc/avr/4.5.3/avr5/libgcc.a(_divmodsi4.o)
 .text          0x00000092        0x0 /usr/lib/gcc/avr/4.5.3/avr5/libgcc.a(_exit.o)
 .text          0x00000092        0x0 /usr/lib/gcc/avr/4.5.3/avr5/libgcc.a(_copy_data.o)
 .text          0x00000092        0x0 /usr/lib/gcc/avr/4.5.3/avr5/libgcc.a(_clear_bss.o)
 .text          0x00000092       0x58 /usr/lib/gcc/avr/4.5.3/avr5/libgcc.a(_fixunssfsi.o)
                0x00000092                __fixunssfsi
 .text          0x000000ea      0x350 /usr/lib/gcc/avr/4.5.3/avr5/libgcc.a(_addsub_sf.o)
                0x0000037e                __addsf3
                0x000003d8                __subsf3
 .text          0x0000043a      0x1f4 /usr/lib/gcc/avr/4.5.3/avr5/libgcc.a(_mul_sf.o)
                0x0000043a                __mulsf3
 .text          0x0000062e       0x60 /usr/lib/gcc/avr/4.5.3/avr5/libgcc.a(_gt_sf.o)
                0x0000062e                __gtsf2
 .text          0x0000068e       0x60 /usr/lib/gcc/avr/4.5.3/avr5/libgcc.a(_ge_sf.o)
                0x0000068e                __gesf2
 .text          0x000006ee       0x60 /usr/lib/gcc/avr/4.5.3/avr5/libgcc.a(_lt_sf.o)
                0x000006ee                __ltsf2
 .text          0x0000074e       0xa4 /usr/lib/gcc/avr/4.5.3/avr5/libgcc.a(_sf_to_si.o)
                0x0000074e                __fixsfsi
 .text          0x000007f2        0x0 /usr/lib/gcc/avr/4.5.3/avr5/libgcc.a(_thenan_sf.o)
 .text          0x000007f2       0xf0 /usr/lib/gcc/avr/4.5.3/avr5/libgcc.a(_usi_to_sf.o)
                0x000007f2                __floatunsisf
 .text          0x000008e2        0x0 /usr/lib/gcc/avr/4.5.3/avr5/libgcc.a(_udivmodsi4.o)
 .text          0x000008e2        0x0 /usr/lib/gcc/avr/4.5.3/avr5/libgcc.a(_prologue.o)
 .text          0x000008e2        0x0 /usr/lib/gcc/avr/4.5.3/avr5/libgcc.a(_epilogue.o)
 .text          0x000008e2       0xb4 /usr/lib/gcc/avr/4.5.3/avr5/libgcc.a(_clzsi2.o)
                0x000008e2                __clzsi2
 .text          0x00000996      0x19c /usr/lib/gcc/avr/4.5.3/avr5/libgcc.a(_pack_sf.o)
                0x00000996                __pack_f
 .text          0x00000b32       0xd2 /usr/lib/gcc/avr/4.5.3/avr5/libgcc.a(_unpack_sf.o)
                0x00000b32                __unpack_f
 .text          0x00000c04       0xb2 /usr/lib/gcc/avr/4.5.3/avr5/libgcc.a(_fpcmp_parts_sf.o)
                0x00000c04                __fpcmp_parts_f
 .text          0x00000cb6        0x0 /usr/lib/gcc/avr/4.5.3/avr5/libgcc.a(_clz.o)
                0x00000cb6                . = ALIGN (0x2)
 *(.text.*)
 .text.Toggle_led
                0x00000cb6       0x48 ./main.o
                0x00000cb6                Toggle_led
 .text.main     0x00000cfe      0x708 ./main.o
                0x00000cfe                main
 .text.__vector_24
                0x00001406       0x92 ./main.o
                0x00001406                __vector_24
 .text.__vector_1
                0x00001498      0x14a ./main.o
                0x00001498                __vector_1
 .text.__vector_2
                0x000015e2      0x14a ./main.o
                0x000015e2                __vector_2
 .text.__vector_3
                0x0000172c      0x14a ./main.o
                0x0000172c                __vector_3
 .text.__vector_4
                0x00001876      0x14a ./main.o
                0x00001876                __vector_4
 .text.__vector_23
                0x000019c0       0x78 ./main.o
                0x000019c0                __vector_23
 .text.libgcc   0x00001a38       0x28 /usr/lib/gcc/avr/4.5.3/avr5/libgcc.a(_udivmodhi4.o)
                0x00001a38                __udivmodhi4
 .text.libgcc   0x00001a60       0x36 /usr/lib/gcc/avr/4.5.3/avr5/libgcc.a(_divmodsi4.o)
                0x00001a60                __divmodsi4
 .text.libgcc   0x00001a96        0x0 /usr/lib/gcc/avr/4.5.3/avr5/libgcc.a(_exit.o)
 .text.libgcc   0x00001a96        0x0 /usr/lib/gcc/avr/4.5.3/avr5/libgcc.a(_copy_data.o)
 .text.libgcc   0x00001a96        0x0 /usr/lib/gcc/avr/4.5.3/avr5/libgcc.a(_clear_bss.o)
 .text.libgcc   0x00001a96       0x44 /usr/lib/gcc/avr/4.5.3/avr5/libgcc.a(_udivmodsi4.o)
                0x00001a96                __udivmodsi4
 .text.libgcc   0x00001ada       0x38 /usr/lib/gcc/avr/4.5.3/avr5/libgcc.a(_prologue.o)
                0x00001ada                __prologue_saves__
 .text.libgcc   0x00001b12       0x36 /usr/lib/gcc/avr/4.5.3/avr5/libgcc.a(_epilogue.o)
                0x00001b12                __epilogue_restores__
                0x00001b48                . = ALIGN (0x2)
 *(.fini9)
 .fini9         0x00001b48        0x0 /usr/lib/gcc/avr/4.5.3/avr5/libgcc.a(_exit.o)
                0x00001b48                exit
                0x00001b48                _exit
 *(.fini9)
 *(.fini8)
 *(.fini8)
 *(.fini7)
 *(.fini7)
 *(.fini6)
 *(.fini6)
 *(.fini5)
 *(.fini5)
 *(.fini4)
 *(.fini4)
 *(.fini3)
 *(.fini3)
 *(.fini2)
 *(.fini2)
 *(.fini1)
 *(.fini1)
 *(.fini0)
 .fini0         0x00001b48        0x4 /usr/lib/gcc/avr/4.5.3/avr5/libgcc.a(_exit.o)
 *(.fini0)
                0x00001b4c                _etext = .

.data           0x00800060      0x118 load address 0x00001b4c
                0x00800060                PROVIDE (__data_start, .)
 *(.data)
 .data          0x00800060        0x0 /usr/lib/gcc/avr/4.5.3/../../../avr/lib/avr5/crtm16.o
 .data          0x00800060        0x0 ./main.o
 .data          0x00800060        0x0 /usr/lib/gcc/avr/4.5.3/avr5/libgcc.a(_udivmodhi4.o)
 .data          0x00800060        0x0 /usr/lib/gcc/avr/4.5.3/avr5/libgcc.a(_divmodsi4.o)
 .data          0x00800060        0x0 /usr/lib/gcc/avr/4.5.3/avr5/libgcc.a(_exit.o)
 .data          0x00800060        0x0 /usr/lib/gcc/avr/4.5.3/avr5/libgcc.a(_copy_data.o)
 .data          0x00800060        0x0 /usr/lib/gcc/avr/4.5.3/avr5/libgcc.a(_clear_bss.o)
 .data          0x00800060        0x0 /usr/lib/gcc/avr/4.5.3/avr5/libgcc.a(_fixunssfsi.o)
 .data          0x00800060        0x0 /usr/lib/gcc/avr/4.5.3/avr5/libgcc.a(_addsub_sf.o)
 .data          0x00800060        0x0 /usr/lib/gcc/avr/4.5.3/avr5/libgcc.a(_mul_sf.o)
 .data          0x00800060        0x0 /usr/lib/gcc/avr/4.5.3/avr5/libgcc.a(_gt_sf.o)
 .data          0x00800060        0x0 /usr/lib/gcc/avr/4.5.3/avr5/libgcc.a(_ge_sf.o)
 .data          0x00800060        0x0 /usr/lib/gcc/avr/4.5.3/avr5/libgcc.a(_lt_sf.o)
 .data          0x00800060        0x0 /usr/lib/gcc/avr/4.5.3/avr5/libgcc.a(_sf_to_si.o)
 .data          0x00800060        0x8 /usr/lib/gcc/avr/4.5.3/avr5/libgcc.a(_thenan_sf.o)
                0x00800060                __thenan_sf
 .data          0x00800068        0x0 /usr/lib/gcc/avr/4.5.3/avr5/libgcc.a(_usi_to_sf.o)
 .data          0x00800068        0x0 /usr/lib/gcc/avr/4.5.3/avr5/libgcc.a(_udivmodsi4.o)
 .data          0x00800068        0x0 /usr/lib/gcc/avr/4.5.3/avr5/libgcc.a(_prologue.o)
 .data          0x00800068        0x0 /usr/lib/gcc/avr/4.5.3/avr5/libgcc.a(_epilogue.o)
 .data          0x00800068        0x0 /usr/lib/gcc/avr/4.5.3/avr5/libgcc.a(_clzsi2.o)
 .data          0x00800068        0x0 /usr/lib/gcc/avr/4.5.3/avr5/libgcc.a(_pack_sf.o)
 .data          0x00800068        0x0 /usr/lib/gcc/avr/4.5.3/avr5/libgcc.a(_unpack_sf.o)
 .data          0x00800068        0x0 /usr/lib/gcc/avr/4.5.3/avr5/libgcc.a(_fpcmp_parts_sf.o)
 .data          0x00800068      0x100 /usr/lib/gcc/avr/4.5.3/avr5/libgcc.a(_clz.o)
                0x00800068                __clz_tab
 *(.data*)
 .data.posF     0x00800168        0x2 ./main.o
                0x00800168                posF
 .data.vrF      0x0080016a        0x2 ./main.o
                0x0080016a                vrF
 .data.posL     0x0080016c        0x2 ./main.o
                0x0080016c                posL
 .data.vrL      0x0080016e        0x2 ./main.o
                0x0080016e                vrL
 .data.posB     0x00800170        0x2 ./main.o
                0x00800170                posB
 .data.vrB      0x00800172        0x2 ./main.o
                0x00800172                vrB
 .data.posR     0x00800174        0x2 ./main.o
                0x00800174                posR
 .data.vrR      0x00800176        0x2 ./main.o
                0x00800176                vrR
 *(.rodata)
 *(.rodata*)
 *(.gnu.linkonce.d*)
                0x00800178                . = ALIGN (0x2)
                0x00800178                _edata = .
                0x00800178                PROVIDE (__data_end, .)

.bss            0x00800178       0x46
                0x00800178                PROVIDE (__bss_start, .)
 *(.bss)
 .bss           0x00800178        0x0 /usr/lib/gcc/avr/4.5.3/../../../avr/lib/avr5/crtm16.o
 .bss           0x00800178        0x0 ./main.o
 .bss           0x00800178        0x0 /usr/lib/gcc/avr/4.5.3/avr5/libgcc.a(_udivmodhi4.o)
 .bss           0x00800178        0x0 /usr/lib/gcc/avr/4.5.3/avr5/libgcc.a(_divmodsi4.o)
 .bss           0x00800178        0x0 /usr/lib/gcc/avr/4.5.3/avr5/libgcc.a(_exit.o)
 .bss           0x00800178        0x0 /usr/lib/gcc/avr/4.5.3/avr5/libgcc.a(_copy_data.o)
 .bss           0x00800178        0x0 /usr/lib/gcc/avr/4.5.3/avr5/libgcc.a(_clear_bss.o)
 .bss           0x00800178        0x0 /usr/lib/gcc/avr/4.5.3/avr5/libgcc.a(_fixunssfsi.o)
 .bss           0x00800178        0x0 /usr/lib/gcc/avr/4.5.3/avr5/libgcc.a(_addsub_sf.o)
 .bss           0x00800178        0x0 /usr/lib/gcc/avr/4.5.3/avr5/libgcc.a(_mul_sf.o)
 .bss           0x00800178        0x0 /usr/lib/gcc/avr/4.5.3/avr5/libgcc.a(_gt_sf.o)
 .bss           0x00800178        0x0 /usr/lib/gcc/avr/4.5.3/avr5/libgcc.a(_ge_sf.o)
 .bss           0x00800178        0x0 /usr/lib/gcc/avr/4.5.3/avr5/libgcc.a(_lt_sf.o)
 .bss           0x00800178        0x0 /usr/lib/gcc/avr/4.5.3/avr5/libgcc.a(_sf_to_si.o)
 .bss           0x00800178        0x0 /usr/lib/gcc/avr/4.5.3/avr5/libgcc.a(_thenan_sf.o)
 .bss           0x00800178        0x0 /usr/lib/gcc/avr/4.5.3/avr5/libgcc.a(_usi_to_sf.o)
 .bss           0x00800178        0x0 /usr/lib/gcc/avr/4.5.3/avr5/libgcc.a(_udivmodsi4.o)
 .bss           0x00800178        0x0 /usr/lib/gcc/avr/4.5.3/avr5/libgcc.a(_prologue.o)
 .bss           0x00800178        0x0 /usr/lib/gcc/avr/4.5.3/avr5/libgcc.a(_epilogue.o)
 .bss           0x00800178        0x0 /usr/lib/gcc/avr/4.5.3/avr5/libgcc.a(_clzsi2.o)
 .bss           0x00800178        0x0 /usr/lib/gcc/avr/4.5.3/avr5/libgcc.a(_pack_sf.o)
 .bss           0x00800178        0x0 /usr/lib/gcc/avr/4.5.3/avr5/libgcc.a(_unpack_sf.o)
 .bss           0x00800178        0x0 /usr/lib/gcc/avr/4.5.3/avr5/libgcc.a(_fpcmp_parts_sf.o)
 .bss           0x00800178        0x0 /usr/lib/gcc/avr/4.5.3/avr5/libgcc.a(_clz.o)
 *(.bss*)
 .bss.velF      0x00800178        0x2 ./main.o
                0x00800178                velF
 .bss.vdF       0x0080017a        0x4 ./main.o
                0x0080017a                vdF
 .bss.vpF       0x0080017e        0x2 ./main.o
                0x0080017e                vpF
 .bss.stTimeF   0x00800180        0x2 ./main.o
                0x00800180                stTimeF
 .bss.curntTimeF
                0x00800182        0x2 ./main.o
                0x00800182                curntTimeF
 .bss.velL      0x00800184        0x2 ./main.o
                0x00800184                velL
 .bss.vdL       0x00800186        0x4 ./main.o
                0x00800186                vdL
 .bss.vpL       0x0080018a        0x2 ./main.o
                0x0080018a                vpL
 .bss.stTimeL   0x0080018c        0x2 ./main.o
                0x0080018c                stTimeL
 .bss.curntTimeL
                0x0080018e        0x2 ./main.o
                0x0080018e                curntTimeL
 .bss.velB      0x00800190        0x2 ./main.o
                0x00800190                velB
 .bss.vdB       0x00800192        0x4 ./main.o
                0x00800192                vdB
 .bss.vpB       0x00800196        0x2 ./main.o
                0x00800196                vpB
 .bss.stTimeB   0x00800198        0x2 ./main.o
                0x00800198                stTimeB
 .bss.curntTimeB
                0x0080019a        0x2 ./main.o
                0x0080019a                curntTimeB
 .bss.velR      0x0080019c        0x2 ./main.o
                0x0080019c                velR
 .bss.vdR       0x0080019e        0x4 ./main.o
                0x0080019e                vdR
 .bss.vpR       0x008001a2        0x2 ./main.o
                0x008001a2                vpR
 .bss.stTimeR   0x008001a4        0x2 ./main.o
                0x008001a4                stTimeR
 .bss.curntTimeR
                0x008001a6        0x2 ./main.o
                0x008001a6                curntTimeR
 .bss.temp      0x008001a8        0x2 ./main.o
                0x008001a8                temp
 *(COMMON)
 COMMON         0x008001aa       0x14 ./main.o
                0x008001aa                buff
                0x008001b2                buf
                0x008001bc                process_it
                0x008001be                PROVIDE (__bss_end, .)
                0x00001b4c                __data_load_start = LOADADDR (.data)
                0x00001c64                __data_load_end = (__data_load_start + SIZEOF (.data))

.noinit         0x008001be        0x0
                0x008001be                PROVIDE (__noinit_start, .)
 *(.noinit*)
                0x008001be                PROVIDE (__noinit_end, .)
                0x008001be                _end = .
                0x008001be                PROVIDE (__heap_start, .)

.eeprom         0x00810000        0x0
 *(.eeprom*)
                0x00810000                __eeprom_end = .

.fuse
 *(.fuse)
 *(.lfuse)
 *(.hfuse)
 *(.efuse)

.lock
 *(.lock*)

.signature
 *(.signature*)

.stab           0x00000000     0x1428
 *(.stab)
 .stab          0x00000000      0x6cc /usr/lib/gcc/avr/4.5.3/../../../avr/lib/avr5/crtm16.o
 .stab          0x000006cc      0xd5c ./main.o
                                0xd68 (size before relaxing)

.stabstr        0x00000000      0x9de
 *(.stabstr)
 .stabstr       0x00000000      0x9de /usr/lib/gcc/avr/4.5.3/../../../avr/lib/avr5/crtm16.o

.stab.excl
 *(.stab.excl)

.stab.exclstr
 *(.stab.exclstr)

.stab.index
 *(.stab.index)

.stab.indexstr
 *(.stab.indexstr)

.comment
 *(.comment)

.debug
 *(.debug)

.line
 *(.line)

.debug_srcinfo
 *(.debug_srcinfo)

.debug_sfnames
 *(.debug_sfnames)

.debug_aranges
 *(.debug_aranges)

.debug_pubnames
 *(.debug_pubnames)

.debug_info
 *(.debug_info)
 *(.gnu.linkonce.wi.*)

.debug_abbrev
 *(.debug_abbrev)

.debug_line
 *(.debug_line)

.debug_frame
 *(.debug_frame)

.debug_str
 *(.debug_str)

.debug_loc
 *(.debug_loc)

.debug_macinfo
 *(.debug_macinfo)
OUTPUT(Single_Multi_control.elf elf32-avr)
LOAD linker stubs
